"1-Bit" "https://github.com/amit-0i/1-Bit"
"AbyssGreen" "https://github.com/Itz-Abhishek-Tiwari/AbyssGreen"
"Abyssal-Wave" "https://github.com/Itz-Abhishek-Tiwari/Abyssal-Wave"
"Amethyst Aura" "https://github.com/jackpawlik1/Amethyst-Aura"
"BlueSky" "https://github.com/richen604/BlueSky"
"Breezy Autumn" "https://github.com/Maroc02/Breezy-Autumn"
"Cat Latte" "https://github.com/rishav12s/Cat-Latte"
"Catppuccin Latte" "https://github.com/HyDE-Project/hyde-themes/tree/Catppuccin-Latte"
"Catppuccin Mocha" "https://github.com/HyDE-Project/hyde-themes/tree/Catppuccin-Mocha"
"Catppuccin-Macchiato" "https://github.com/deepu105/hyde-theme-catppuccin-macchiato""
"Code Garden" "https://github.com/jacobfranco/Code-Garden"
"Crimson-Blue" "https://github.com/amit-0i/Crimson-Blue"
"Decay Green" "https://github.com/HyDE-Project/hyde-themes/tree/Decay-Green"
"Edge Runner" "https://github.com/HyDE-Project/hyde-themes/tree/Edge-Runner"
"Electra" "https://github.com/XBEAST1/Electra"
"Ever Blushing" "https://github.com/rishav12s/Ever-Blushing"
"Frosted Glass" "https://github.com/HyDE-Project/hyde-themes/tree/Frosted-Glass"
"Graphite Mono" "https://github.com/HyDE-Project/hyde-themes/tree/Graphite-Mono"
"Green Lush" "https://github.com/abenezerw/Green-Lush"
"Gruvbox Retro" "https://github.com/HyDE-Project/hyde-themes/tree/Gruvbox-Retro"
"Material Sakura" "https://github.com/HyDE-Project/hyde-themes/tree/Material-Sakura"
"Monokai" "https://github.com/mahaveergurjar/Theme-Gallery/tree/Monokai"
"Moonlight" "https://github.com/Maroc02/Moonlight"
"Nordic Blue" "https://github.com/HyDE-Project/hyde-themes/tree/Nordic-Blue"
"Obsidian-Purple" "https://github.com/amit-0i/Obsidian-Purple"
"One Dark" "https://github.com/RAprogramm/HyDe-Themes/tree/One-Dark"
"Pixel Dream" "https://github.com/rishav12s/Pixel-Dream"
"Rain Dark" "https://github.com/rishav12s/Rain-Dark"
"Red Stone" "https://github.com/mahaveergurjar/Theme-Gallery/tree/Red_Stone"
"Rosé Pine" "https://github.com/HyDE-Project/hyde-themes/tree/Rose-Pine"
"Scarlet Night" "https://github.com/abenezerw/Scarlet-Night"
"Tokyo Night" "https://github.com/HyDE-Project/hyde-themes/tree/Tokyo-Night"
"Vanta Black" "https://github.com/rishav12s/Vanta-Black"
"Virtual-Witches" "https://github.com/luqvic/Virtual-Witches"
